INFO:     Started server process [43844]
INFO:     Waiting for application startup.
INFO:     Application startup complete.
INFO:     Uvicorn running on http://0.0.0.0:8000 (Press CTRL+C to quit)
🔊 Loading faster-whisper small.en on cpu

============================================================
📋 SESSION LOGGER STARTED  (one CSV for entire Pi session)
   CSV     : logs\session_20260324_143930.csv
   Summary : logs\session_20260324_143930_summary.json
   Mic dB  : enabled
============================================================

============================================================
🚀 FSL Communication System — Server Started
   Session ID : 20260324_143932
   CSV log    : logs\session_20260324_143930.csv
============================================================
Shared camera started on device index 1
🎤 Available audio devices:
   0 Microsoft Sound Mapper - Input, MME (2 in, 0 out)
>  1 Microphone (A4tech FHD 1080P PC, MME (2 in, 0 out)
   2 Microphone (C-Media(R) Audio), MME (2 in, 0 out)
   3 AI Noise-cancelling Input (ASUS, MME (2 in, 0 out)
   4 Microsoft Sound Mapper - Output, MME (0 in, 2 out)
<  5 Speakers (C-Media(R) Audio), MME (0 in, 2 out)
   6 AI Noise-cancelling Output (ASU, MME (0 in, 2 out)
   7 Primary Sound Capture Driver, Windows DirectSound (2 in, 0 out)
   8 Microphone (A4tech FHD 1080P PC Camera), Windows DirectSound (2 in, 0 out)
   9 Microphone (C-Media(R) Audio), Windows DirectSound (2 in, 0 out)
  10 AI Noise-cancelling Input (ASUS Utility), Windows DirectSound (2 in, 0 out)
  11 Primary Sound Driver, Windows DirectSound (0 in, 2 out)
  12 Speakers (C-Media(R) Audio), Windows DirectSound (0 in, 2 out)
  13 AI Noise-cancelling Output (ASUS Utility), Windows DirectSound (0 in, 2 out)
  14 AI Noise-cancelling Output (ASUS Utility), Windows WASAPI (0 in, 2 out)
  15 Speakers (C-Media(R) Audio), Windows WASAPI (0 in, 2 out)
  16 Microphone (C-Media(R) Audio), Windows WASAPI (2 in, 0 out)
  17 AI Noise-cancelling Input (ASUS Utility), Windows WASAPI (2 in, 0 out)
  18 Microphone (A4tech FHD 1080P PC Camera), Windows WASAPI (2 in, 0 out)
  19 Speakers (C-Media(R) Audio), Windows WDM-KS (0 in, 2 out)
  20 Microphone (C-Media(R) Audio), Windows WDM-KS (2 in, 0 out)
  21 AI Noise-cancelling Input (Intelligo VAC (W)), Windows WDM-KS (2 in, 0 out)
  22 Line Out 1 (Intelligo VAC (W)), Windows WDM-KS (0 in, 2 out)
  23 System Virtual Line (Intelligo VAC (W)), Windows WDM-KS (2 in, 0 out)
  24 Line Out 2 (Intelligo VAC (W)), Windows WDM-KS (0 in, 2 out)
  25 Microphone (A4tech FHD 1080P PC Camera), Windows WDM-KS (2 in, 0 out)
✅ Using microphone device: system default
✅ Shared microphone started
🔊 Loading faster-whisper tiny.en on cpu
INFO:     127.0.0.1:63407 - "GET /preview HTTP/1.1" 200 OK
INFO:     127.0.0.1:62377 - "WebSocket /ws/fsl-dynamic" [accepted]
INFO:     connection open
INFO: Created TensorFlow Lite XNNPACK delegate for CPU.
INFO:     127.0.0.1:50464 - "WebSocket /ws/fsl-dynamic" [accepted]
INFO:     connection open
INFO:     connection closed
INFO:     127.0.0.1:57832 - "WebSocket /ws/stt-live" [accepted]
INFO:     connection open
[DYNAMIC] Client connected: 127.0.0.1:62377
[DYNAMIC] Model ready: {'status': 'ready', 'num_classes': 35, 'device': 'cpu'}
[LOGGER] 🔗 Reconnect - flow=Sign->TTS client=127.0.0.1:62377

=== LIVE STATUS LOG ===

[.] [14:39:35] Waiting for sign...
[DYNAMIC] Client connected: 127.0.0.1:50464
[DYNAMIC] Model ready: {'status': 'ready', 'num_classes': 35, 'device': 'cpu'}
[LOGGER] 🔗 Reconnect - flow=Sign->TTS client=127.0.0.1:50464

=== LIVE STATUS LOG ===

[H] [14:39:37] Hand detected (0 frames)
[H] [14:39:37] Hand detected (1 frames)
[.] [14:39:38] Waiting for sign...
[OK] [14:39:38] I (98%)
[GESTURE] I | conf=97.6% | frames=0 | latency=16.0ms
[.] [14:39:38] Waiting for sign...
[H] [14:39:39] Hand detected (0 frames)
[.] [14:39:39] Waiting for sign...
[H] [14:39:39] Hand detected (0 frames)
[H] [14:39:39] Hand detected (1 frames)
[.] [14:39:40] Waiting for sign...
[OK] [14:39:40] Like (86%)
[GESTURE] Like | conf=86.5% | frames=0 | latency=16.0ms
[.] [14:39:40] Waiting for sign...
[H] [14:39:41] Hand detected (0 frames)
[H] [14:39:41] Hand detected (1 frames)
[.] [14:39:42] Waiting for sign...
[OK] [14:39:42] You (97%)
[GESTURE] You | conf=97.4% | frames=0 | latency=32.0ms
[.] [14:39:42] Waiting for sign...
[H] [14:39:43] Hand detected (0 frames)
[H] [14:39:43] Hand detected (1 frames)
[.] [14:39:44] Waiting for sign...
[H] [14:39:44] Hand detected (37 frames)
[.] [14:39:44] Waiting for sign...
[OK] [14:39:44] Love (97%)
[GESTURE] Love | conf=97.2% | frames=0 | latency=16.0ms
[.] [14:39:44] Waiting for sign...
[H] [14:39:45] Hand detected (0 frames)
[H] [14:39:45] Hand detected (1 frames)
[.] [14:39:46] Waiting for sign...
[OK] [14:39:46] You (97%)
[GESTURE] You | conf=97.4% | frames=0 | latency=31.0ms
[.] [14:39:46] Waiting for sign...
Disconnected: 127.0.0.1:62377 | frames=736
🔄 Gesture state reset

Server cleanup done.
🎤 Client connected to /ws/stt-live | 127.0.0.1:57832
[LOGGER] 🔗 Reconnect - flow=STT client=127.0.0.1:57832
🎙 STT start | env=quiet | client=127.0.0.1:57832
🛑 STT stop | client=127.0.0.1:57832
🧪 Recorded chunks: 15
🧪 Audio samples  : 72000
🧪 Max amplitude  : 0.1818
🧪 Transcript: "Love, love, love." | latency=281.0ms | dBFS=-31.2
[STT] "Love, love, love." | env=quiet | latency=281.0ms | dB=-31.2 dBFS
INFO:     127.0.0.1:64440 - "GET /preview HTTP/1.1" 200 OK
INFO:     connection closed
INFO:     127.0.0.1:58084 - "WebSocket /ws/fsl-dynamic" [accepted]
INFO:     connection open
INFO:     connection closed
INFO:     127.0.0.1:56990 - "WebSocket /ws/stt-live" [accepted]
INFO:     connection open
INFO:     connection closed
INFO:     127.0.0.1:52590 - "WebSocket /ws/fsl-dynamic" [accepted]
INFO:     connection open
🔌 Client disconnected from /ws/stt-live | 127.0.0.1:57832
[DYNAMIC] Client connected: 127.0.0.1:58084
[DYNAMIC] Model ready: {'status': 'ready', 'num_classes': 35, 'device': 'cpu'}
[LOGGER] 🔗 Reconnect - flow=Sign->TTS client=127.0.0.1:58084

=== LIVE STATUS LOG ===

[.] [14:40:08] Waiting for sign...
Disconnected: 127.0.0.1:58084 | frames=61
🔄 Gesture state reset

Server cleanup done.
🎤 Client connected to /ws/stt-live | 127.0.0.1:56990
[LOGGER] 🔗 Reconnect - flow=STT client=127.0.0.1:56990
🎙 STT start | env=quiet | client=127.0.0.1:56990
🛑 STT stop | client=127.0.0.1:56990
🧪 Recorded chunks: 28
🧪 Audio samples  : 134400
🧪 Max amplitude  : 0.5886
🧪 Transcript: "I am Angelina Mia." | latency=219.0ms | dBFS=-30.25
[STT] "I am Angelina Mia." | env=quiet | latency=219.0ms | dB=-30.2 dBFS
🔌 Client disconnected from /ws/stt-live | 127.0.0.1:56990
[DYNAMIC] Client connected: 127.0.0.1:52590
[DYNAMIC] Model ready: {'status': 'ready', 'num_classes': 35, 'device': 'cpu'}
[LOGGER] 🔗 Reconnect - flow=Sign->TTS client=127.0.0.1:52590

=== LIVE STATUS LOG ===

INFO:     127.0.0.1:57961 - "GET /preview HTTP/1.1" 200 OK
